Release 14.5 - xst P.58f (nt)
Copyright (c) 1995-2012 Xilinx, Inc.  All rights reserved.
--> Parameter TMPDIR set to xst/projnav.tmp


Total REAL time to Xst completion: 0.00 secs
Total CPU time to Xst completion: 0.13 secs
 
--> Parameter xsthdpdir set to xst


Total REAL time to Xst completion: 0.00 secs
Total CPU time to Xst completion: 0.13 secs
 
--> Reading design: RegisterFileTest.prj

TABLE OF CONTENTS
  1) Synthesis Options Summary
  2) HDL Parsing
  3) HDL Elaboration
  4) HDL Synthesis
       4.1) HDL Synthesis Report
  5) Advanced HDL Synthesis
       5.1) Advanced HDL Synthesis Report
  6) Low Level Synthesis
  7) Partition Report
  8) Design Summary
       8.1) Primitive and Black Box Usage
       8.2) Device utilization summary
       8.3) Partition Resource Summary
       8.4) Timing Report
            8.4.1) Clock Information
            8.4.2) Asynchronous Control Signals Information
            8.4.3) Timing Summary
            8.4.4) Timing Details
            8.4.5) Cross Clock Domains Report


=========================================================================
*                      Synthesis Options Summary                        *
=========================================================================
---- Source Parameters
Input File Name                    : "RegisterFileTest.prj"
Ignore Synthesis Constraint File   : NO

---- Target Parameters
Output File Name                   : "RegisterFileTest"
Output Format                      : NGC
Target Device                      : xc7a100t-3-csg324

---- Source Options
Top Module Name                    : RegisterFileTest
Automatic FSM Extraction           : YES
FSM Encoding Algorithm             : Auto
Safe Implementation                : No
FSM Style                          : LUT
RAM Extraction                     : Yes
RAM Style                          : Auto
ROM Extraction                     : Yes
Shift Register Extraction          : YES
ROM Style                          : Auto
Resource Sharing                   : YES
Asynchronous To Synchronous        : NO
Shift Register Minimum Size        : 2
Use DSP Block                      : Auto
Automatic Register Balancing       : No

---- Target Options
LUT Combining                      : Auto
Reduce Control Sets                : Auto
Add IO Buffers                     : YES
Global Maximum Fanout              : 100000
Add Generic Clock Buffer(BUFG)     : 32
Register Duplication               : YES
Optimize Instantiated Primitives   : NO
Use Clock Enable                   : Auto
Use Synchronous Set                : Auto
Use Synchronous Reset              : Auto
Pack IO Registers into IOBs        : Auto
Equivalent register Removal        : YES

---- General Options
Optimization Goal                  : Speed
Optimization Effort                : 1
Power Reduction                    : NO
Keep Hierarchy                     : No
Netlist Hierarchy                  : As_Optimized
RTL Output                         : Yes
Global Optimization                : AllClockNets
Read Cores                         : YES
Write Timing Constraints           : NO
Cross Clock Analysis               : NO
Hierarchy Separator                : /
Bus Delimiter                      : <>
Case Specifier                     : Maintain
Slice Utilization Ratio            : 100
BRAM Utilization Ratio             : 100
DSP48 Utilization Ratio            : 100
Auto BRAM Packing                  : NO
Slice Utilization Ratio Delta      : 5

=========================================================================


=========================================================================
*                          HDL Parsing                                  *
=========================================================================
Parsing VHDL file "C:\Users\pc\Desktop\ProjectArchPhase1\RegisterFile\TheRegister.vhd" into library work
Parsing package <TheRegister>.
Parsing package body <TheRegister>.
Parsing VHDL file "C:\Users\pc\Desktop\ProjectArchPhase1\RegisterFile\TheMux32.vhd" into library work
Parsing package <TheMux32>.
Parsing package body <TheMux32>.
Parsing VHDL file "C:\Users\pc\Desktop\ProjectArchPhase1\RegisterFile\TheDecoder.vhd" into library work
Parsing package <TheDecoder>.
Parsing package body <TheDecoder>.
Parsing VHDL file "C:\Users\pc\Desktop\ProjectArchPhase1\RegisterFile\Reg.vhd" into library work
Parsing entity <Reg>.
Parsing architecture <Behavioral> of entity <reg>.
Parsing VHDL file "C:\Users\pc\Desktop\ProjectArchPhase1\RegisterFile\MyDecoder.vhd" into library work
Parsing entity <MyDecoder>.
Parsing architecture <Behavioral> of entity <mydecoder>.
Parsing VHDL file "C:\Users\pc\Desktop\ProjectArchPhase1\RegisterFile\Mux32.vhd" into library work
Parsing entity <Mux32>.
Parsing architecture <behavioral> of entity <mux32>.
Parsing VHDL file "C:\Users\pc\Desktop\ProjectArchPhase1\RegisterFile\ReadRegister.vhd" into library work
Parsing entity <RegisterFile>.
Parsing architecture <Behavioral> of entity <registerfile>.
WARNING:HDLCompiler:946 - "C:\Users\pc\Desktop\ProjectArchPhase1\RegisterFile\ReadRegister.vhd" Line 61: Actual for formal port lod is neither a static name nor a globally static expression
WARNING:HDLCompiler:946 - "C:\Users\pc\Desktop\ProjectArchPhase1\RegisterFile\ReadRegister.vhd" Line 62: Actual for formal port lod is neither a static name nor a globally static expression
WARNING:HDLCompiler:946 - "C:\Users\pc\Desktop\ProjectArchPhase1\RegisterFile\ReadRegister.vhd" Line 63: Actual for formal port lod is neither a static name nor a globally static expression
WARNING:HDLCompiler:946 - "C:\Users\pc\Desktop\ProjectArchPhase1\RegisterFile\ReadRegister.vhd" Line 64: Actual for formal port lod is neither a static name nor a globally static expression
WARNING:HDLCompiler:946 - "C:\Users\pc\Desktop\ProjectArchPhase1\RegisterFile\ReadRegister.vhd" Line 65: Actual for formal port lod is neither a static name nor a globally static expression
WARNING:HDLCompiler:946 - "C:\Users\pc\Desktop\ProjectArchPhase1\RegisterFile\ReadRegister.vhd" Line 66: Actual for formal port lod is neither a static name nor a globally static expression
WARNING:HDLCompiler:946 - "C:\Users\pc\Desktop\ProjectArchPhase1\RegisterFile\ReadRegister.vhd" Line 67: Actual for formal port lod is neither a static name nor a globally static expression
WARNING:HDLCompiler:946 - "C:\Users\pc\Desktop\ProjectArchPhase1\RegisterFile\ReadRegister.vhd" Line 68: Actual for formal port lod is neither a static name nor a globally static expression
WARNING:HDLCompiler:946 - "C:\Users\pc\Desktop\ProjectArchPhase1\RegisterFile\ReadRegister.vhd" Line 69: Actual for formal port lod is neither a static name nor a globally static expression
WARNING:HDLCompiler:946 - "C:\Users\pc\Desktop\ProjectArchPhase1\RegisterFile\ReadRegister.vhd" Line 70: Actual for formal port lod is neither a static name nor a globally static expression
WARNING:HDLCompiler:946 - "C:\Users\pc\Desktop\ProjectArchPhase1\RegisterFile\ReadRegister.vhd" Line 71: Actual for formal port lod is neither a static name nor a globally static expression
WARNING:HDLCompiler:946 - "C:\Users\pc\Desktop\ProjectArchPhase1\RegisterFile\ReadRegister.vhd" Line 72: Actual for formal port lod is neither a static name nor a globally static expression
WARNING:HDLCompiler:946 - "C:\Users\pc\Desktop\ProjectArchPhase1\RegisterFile\ReadRegister.vhd" Line 73: Actual for formal port lod is neither a static name nor a globally static expression
WARNING:HDLCompiler:946 - "C:\Users\pc\Desktop\ProjectArchPhase1\RegisterFile\ReadRegister.vhd" Line 74: Actual for formal port lod is neither a static name nor a globally static expression
WARNING:HDLCompiler:946 - "C:\Users\pc\Desktop\ProjectArchPhase1\RegisterFile\ReadRegister.vhd" Line 75: Actual for formal port lod is neither a static name nor a globally static expression
WARNING:HDLCompiler:946 - "C:\Users\pc\Desktop\ProjectArchPhase1\RegisterFile\ReadRegister.vhd" Line 76: Actual for formal port lod is neither a static name nor a globally static expression
WARNING:HDLCompiler:946 - "C:\Users\pc\Desktop\ProjectArchPhase1\RegisterFile\ReadRegister.vhd" Line 77: Actual for formal port lod is neither a static name nor a globally static expression
WARNING:HDLCompiler:946 - "C:\Users\pc\Desktop\ProjectArchPhase1\RegisterFile\ReadRegister.vhd" Line 78: Actual for formal port lod is neither a static name nor a globally static expression
WARNING:HDLCompiler:946 - "C:\Users\pc\Desktop\ProjectArchPhase1\RegisterFile\ReadRegister.vhd" Line 79: Actual for formal port lod is neither a static name nor a globally static expression
WARNING:HDLCompiler:946 - "C:\Users\pc\Desktop\ProjectArchPhase1\RegisterFile\ReadRegister.vhd" Line 80: Actual for formal port lod is neither a static name nor a globally static expression
WARNING:HDLCompiler:946 - "C:\Users\pc\Desktop\ProjectArchPhase1\RegisterFile\ReadRegister.vhd" Line 81: Actual for formal port lod is neither a static name nor a globally static expression
WARNING:HDLCompiler:946 - "C:\Users\pc\Desktop\ProjectArchPhase1\RegisterFile\ReadRegister.vhd" Line 82: Actual for formal port lod is neither a static name nor a globally static expression
WARNING:HDLCompiler:946 - "C:\Users\pc\Desktop\ProjectArchPhase1\RegisterFile\ReadRegister.vhd" Line 83: Actual for formal port lod is neither a static name nor a globally static expression
WARNING:HDLCompiler:946 - "C:\Users\pc\Desktop\ProjectArchPhase1\RegisterFile\ReadRegister.vhd" Line 84: Actual for formal port lod is neither a static name nor a globally static expression
WARNING:HDLCompiler:946 - "C:\Users\pc\Desktop\ProjectArchPhase1\RegisterFile\ReadRegister.vhd" Line 85: Actual for formal port lod is neither a static name nor a globally static expression
WARNING:HDLCompiler:946 - "C:\Users\pc\Desktop\ProjectArchPhase1\RegisterFile\ReadRegister.vhd" Line 86: Actual for formal port lod is neither a static name nor a globally static expression
WARNING:HDLCompiler:946 - "C:\Users\pc\Desktop\ProjectArchPhase1\RegisterFile\ReadRegister.vhd" Line 87: Actual for formal port lod is neither a static name nor a globally static expression
WARNING:HDLCompiler:946 - "C:\Users\pc\Desktop\ProjectArchPhase1\RegisterFile\ReadRegister.vhd" Line 88: Actual for formal port lod is neither a static name nor a globally static expression
WARNING:HDLCompiler:946 - "C:\Users\pc\Desktop\ProjectArchPhase1\RegisterFile\ReadRegister.vhd" Line 89: Actual for formal port lod is neither a static name nor a globally static expression
WARNING:HDLCompiler:946 - "C:\Users\pc\Desktop\ProjectArchPhase1\RegisterFile\ReadRegister.vhd" Line 90: Actual for formal port lod is neither a static name nor a globally static expression
WARNING:HDLCompiler:946 - "C:\Users\pc\Desktop\ProjectArchPhase1\RegisterFile\ReadRegister.vhd" Line 91: Actual for formal port lod is neither a static name nor a globally static expression
WARNING:HDLCompiler:946 - "C:\Users\pc\Desktop\ProjectArchPhase1\RegisterFile\ReadRegister.vhd" Line 92: Actual for formal port lod is neither a static name nor a globally static expression
Parsing VHDL file "C:\Users\pc\Desktop\ProjectArchPhase1\RegisterFile\RegisterFileTest.vhd" into library work
Parsing entity <RegisterFileTest>.
Parsing architecture <behavior> of entity <registerfiletest>.

=========================================================================
*                            HDL Elaboration                            *
=========================================================================

Elaborating entity <RegisterFileTest> (architecture <behavior>) from library <work>.

Elaborating entity <RegisterFile> (architecture <Behavioral>) with generics from library <work>.

Elaborating entity <MyDecoder> (architecture <Behavioral>) with generics from library <work>.

Elaborating entity <Reg> (architecture <Behavioral>) with generics from library <work>.

Elaborating entity <Mux32> (architecture <behavioral>) from library <work>.
ERROR:HDLCompiler:890 - "C:\Users\pc\Desktop\ProjectArchPhase1\RegisterFile\RegisterFileTest.vhd" Line 58: wait statement without UNTIL clause not supported for synthesis
Netlist RegisterFileTest(behavior) remains a blackbox, due to errors in its contents
--> 

Total memory usage is 218248 kilobytes

Number of errors   :    1 (   0 filtered)
Number of warnings :   32 (   0 filtered)
Number of infos    :    0 (   0 filtered)

